/****************************************************************************/
/* Copyright (c) 2000-2017, 2018 S.Bhatnagar                                */
/*                                                                          */
/*  This file is part of fussy.                                             */
/*                                                                          */
/*  fussy is a free software: you can redistribute it and/or modify         */
/*  it under the terms of the GNU General Public License as published by    */
/*  the Free Software Foundation, either version 3 of the License, or       */
/*  (at your option) any later version.                                     */
/*                                                                          */
/*  fussy is distributed in the hope that it will be useful,               */
/*  but WITHOUT ANY WARRANTY; without even the implied warranty of          */
/*  MERCHANTABILITY or FITNESS FOR A PARTICULAR PURPOSE.  See the           */
/*  GNU General Public License for more details.                            */
/*                                                                          */
/*  You should have received a copy of the GNU General Public License       */
/*  along with fussy.  If not, see <https://www.gnu.org/licenses/>.         */
/*                                                                          */
/****************************************************************************/
x=  10.00000 +/-    1.20000
Modified x=xnum(10,3,2):   10.00000 +/-    3.20000
x=xnum(xnum(x,0),1.0)=  10.00000 +/-    1.00000
f(11,1.1)=  11.00000 +/-    1.10000
